PS C:\Users\Admin\Documents\PS-IV> git add.
git: 'add.' is not a git command. See 'git --help'.

The most similar command is
        add
PS C:\Users\Admin\Documents\PS-IV> git init
Reinitialized existing Git repository in C:/Users/Admin/Documents/PS-IV/.git/
PS C:\Users\Admin\Documents\PS-IV> git add.
git: 'add.' is not a git command. See 'git --help'.

The most similar command is
        add
PS C:\Users\Admin\Documents\PS-IV> git add .
PS C:\Users\Admin\Documents\PS-IV> git commit -m "latest"
On branch master
nothing to commit, working tree clean
PS C:\Users\Admin\Documents\PS-IV> git branch
* master
PS C:\Users\Admin\Documents\PS-IV> git branch -m main
PS C:\Users\Admin\Documents\PS-IV> git branch        
* main
PS C:\Users\Admin\Documents\PS-IV> git status
On branch main
Changes not staged for commit:
  (use "git add <file>..." to update what will be committed)
  (use "git restore <file>..." to discard changes in working directory)
        modified:   commands.txt

no changes added to commit (use "git add" and/or "git commit -a")
PS C:\Users\Admin\Documents\PS-IV> git add .
PS C:\Users\Admin\Documents\PS-IV> git commit -m "Latest Commit"
[main 7f77127] Latest Commit
 1 file changed, 8 insertions(+), 1 deletion(-)
PS C:\Users\Admin\Documents\PS-IV> git remote add origin https://github.com/SanskarBhoir7/gitpractice.git
PS C:\Users\Admin\Documents\PS-IV> git push -u origin main
remote: Repository not found.
fatal: repository 'https://github.com/SanskarBhoir7/gitpractice.git/' not found
PS C:\Users\Admin\Documents\PS-IV> git push -u origin main
remote: Permission to SanskarBhoir7/gitpractice.git denied to Vijayalaxmi-ctrl.
fatal: unable to access 'https://github.com/SanskarBhoir7/gitpractice.git/': The requested URL returned error: 403
PS C:\Users\Admin\Documents\PS-IV> git config --global user.email "1032241291@tcetmumbai.in"
PS C:\Users\Admin\Documents\PS-IV> git config --global user.name "SanskarBhoir7"            
PS C:\Users\Admin\Documents\PS-IV> git push -u origin main
remote: Permission to SanskarBhoir7/gitpractice.git denied to Vijayalaxmi-ctrl.
fatal: unable to access 'https://github.com/SanskarBhoir7/gitpractice.git/': The requested URL returned error: 403
PS C:\Users\Admin\Documents\PS-IV> git push -u origin main
info: please complete authentication in your browser...
To https://github.com/SanskarBhoir7/gitpractice.git
 ! [rejected]        main -> main (fetch first)
error: failed to push some refs to 'https://github.com/SanskarBhoir7/gitpractice.git'
hint: Updates were rejected because the remote contains work that you do not
hint: have locally. This is usually caused by another repository pushing to
hint: the same ref. If you want to integrate the remote changes, use
hint: 'git pull' before pushing again.
hint: See the 'Note about fast-forwards' in 'git push --help' for details.
PS C:\Users\Admin\Documents\PS-IV> git push -u origin main
To https://github.com/SanskarBhoir7/gitpractice.git
 ! [rejected]        main -> main (fetch first)
error: failed to push some refs to 'https://github.com/SanskarBhoir7/gitpractice.git'
hint: Updates were rejected because the remote contains work that you do not
hint: have locally. This is usually caused by another repository pushing to
hint: the same ref. If you want to integrate the remote changes, use
hint: 'git pull' before pushing again.
hint: See the 'Note about fast-forwards' in 'git push --help' for details.
PS C:\Users\Admin\Documents\PS-IV> git pull
remote: Enumerating objects: 3, done.
remote: Counting objects: 100% (3/3), done.
remote: Total 3 (delta 0), reused 0 (delta 0), pack-reused 0 (from 0)
Unpacking objects: 100% (3/3), 872 bytes | 45.00 KiB/s, done.
From https://github.com/SanskarBhoir7/gitpractice
 * [new branch]      main       -> origin/main
There is no tracking information for the current branch.
Please specify which branch you want to merge with.
See git-pull(1) for details.

    git pull <remote> <branch>

If you wish to set tracking information for this branch you can do so with:

    git branch --set-upstream-to=origin/<branch> main

PS C:\Users\Admin\Documents\PS-IV> git pull origin main
From https://github.com/SanskarBhoir7/gitpractice
 * branch            main       -> FETCH_HEAD
fatal: refusing to merge unrelated histories
PS C:\Users\Admin\Documents\PS-IV> git push -u origin main
To https://github.com/SanskarBhoir7/gitpractice.git
 ! [rejected]        main -> main (non-fast-forward)
error: failed to push some refs to 'https://github.com/SanskarBhoir7/gitpractice.git'
hint: Updates were rejected because the tip of your current branch is behind
hint: its remote counterpart. If you want to integrate the remote changes,
hint: use 'git pull' before pushing again.
hint: See the 'Note about fast-forwards' in 'git push --help' for details.
PS C:\Users\Admin\Documents\PS-IV> git status
On branch main
nothing to commit, working tree clean
PS C:\Users\Admin\Documents\PS-IV> git add .
PS C:\Users\Admin\Documents\PS-IV> git commit -m "latest commit"
[main 6c00f5c] latest commit
 1 file changed, 8 insertions(+), 4 deletions(-)
PS C:\Users\Admin\Documents\PS-IV> git push origin main
To https://github.com/SanskarBhoir7/gitpractice.git
 ! [rejected]        main -> main (non-fast-forward)
error: failed to push some refs to 'https://github.com/SanskarBhoir7/gitpractice.git'
hint: Updates were rejected because the tip of your current branch is behind
hint: its remote counterpart. If you want to integrate the remote changes,
hint: use 'git pull' before pushing again.
hint: See the 'Note about fast-forwards' in 'git push --help' for details.
PS C:\Users\Admin\Documents\PS-IV> git push
fatal: The current branch main has no upstream branch.
To push the current branch and set the remote as upstream, use

    git push --set-upstream origin main

To have this happen automatically for branches without a tracking
upstream, see 'push.autoSetupRemote' in 'git help config'.

PS C:\Users\Admin\Documents\PS-IV> git push origin
fatal: The current branch main has no upstream branch.
To push the current branch and set the remote as upstream, use

    git push --set-upstream origin main

To have this happen automatically for branches without a tracking
upstream, see 'push.autoSetupRemote' in 'git help config'.

PS C:\Users\Admin\Documents\PS-IV> git push --set-upstream origin main
To https://github.com/SanskarBhoir7/gitpractice.git
 ! [rejected]        main -> main (non-fast-forward)
error: failed to push some refs to 'https://github.com/SanskarBhoir7/gitpractice.git'
hint: Updates were rejected because the tip of your current branch is behind
hint: its remote counterpart. If you want to integrate the remote changes,
hint: use 'git pull' before pushing again.
hint: See the 'Note about fast-forwards' in 'git push --help' for details.
PS C:\Users\Admin\Documents\PS-IV> git branch
* main
PS C:\Users\Admin\Documents\PS-IV> git config --global push.autoSetupRemote true
PS C:\Users\Admin\Documents\PS-IV> git push -u origin main
To https://github.com/SanskarBhoir7/gitpractice.git
 ! [rejected]        main -> main (non-fast-forward)
error: failed to push some refs to 'https://github.com/SanskarBhoir7/gitpractice.git'
hint: Updates were rejected because the tip of your current branch is behind
hint: its remote counterpart. If you want to integrate the remote changes,
hint: use 'git pull' before pushing again.
hint: See the 'Note about fast-forwards' in 'git push --help' for details.
PS C:\Users\Admin\Documents\PS-IV> git pull origin main
From https://github.com/SanskarBhoir7/gitpractice
 * branch            main       -> FETCH_HEAD
fatal: refusing to merge unrelated histories
PS C:\Users\Admin\Documents\PS-IV> git remote add origin https://github.com/SanskarBhoir7/git-practice.git
error: remote origin already exists.
PS C:\Users\Admin\Documents\PS-IV> git push -u origin main
remote: Repository not found.
fatal: repository 'https://github.com/SanskarBhoir7/gitpractice.git/' not found
PS C:\Users\Admin\Documents\PS-IV> git remote add origin https://github.com/SanskarBhoir7/git-practice.git
error: remote origin already exists.
PS C:\Users\Admin\Documents\PS-IV> git remote set-url origin https://github.com/SanskarBhoir7/git-practice.git
PS C:\Users\Admin\Documents\PS-IV> git push -u origin main                                                    
Enumerating objects: 19, done.
Counting objects: 100% (19/19), done.
Delta compression using up to 20 threads
Compressing objects: 100% (19/19), done.
Writing objects: 100% (19/19), 2.24 KiB | 1.12 MiB/s, done.
Total 19 (delta 3), reused 0 (delta 0), pack-reused 0 (from 0)
remote: Resolving deltas: 100% (3/3), done.
To https://github.com/SanskarBhoir7/git-practice.git
 * [new branch]      main -> main
branch 'main' set up to track 'origin/main'.